boot: {"state":"MENU","loaded":true,"error":false}
PASS  match 1 started   [{"state":"DROP","alive":100,"feed":0}]
    t=25s  alive=98  hp=100  zone=0/wait  r=470  playerAlive=true
    t=50s  alive=87  hp=100  zone=0/shrink  r=470  playerAlive=true
    t=75s  alive=82  hp=0  zone=0/shrink  r=462.9  playerAlive=false
PASS  simulation ran cleanly   [null]
PASS  match reached GAME_OVER   [GAME_OVER after ~75s]
PASS  alive counter fell from 100   [min alive 82]
PASS  zone dps escalates per phase   [1 -> 25 dps]
PASS  bots eliminated other bots (not just the player)   [18 bot-on-bot kills]
PASS  kill feed received entries   [4 rows]
    death screen: {"playerAlive":false,"deathVisible":true,"victoryVisible":false,"placementText":"#83 OF 100","killerText":"Eliminated by CharlieC with RANGER AR HEADSHOT","kills":"0","damage":"0","time":"0:59","state":"GAME_OVER","placement":83}
PASS  player is dead
PASS  death OR victory screen is showing   [death=true victory=false]
PASS  placement is reported   [#83 OF 100]
PASS  killer is named   [Eliminated by CharlieC with RANGER AR HEADSHOT]
PASS  stats rendered (kills/damage/time)   [0 kills, 0 dmg, 0:59]
    spectating: {"state":"SPECTATING","name":"DoubleTapD","panelVisible":true,"targetAlive":true}
PASS  spectating state entered   [SPECTATING]
PASS  spectating follows a live bot   [DoubleTapD]
PASS  spectate panel visible
PASS  spectated simulation ran cleanly   [null]
    finish: {"deaths":99,"crates":3,"lootOnGround":550,"zoneDps":25,"killedByZone":98}
PASS  most of the lobby died over the match   [99 of 100 dead]
PASS  supply crates were dropped during the match   [3 crates, 550 items still on the ground]
PASS  every bot was given a placement   [98 placed]
PASS  match played out to a single survivor   [1 alive, phase 7, r=7.1]
PASS  zone ran through most of its phases   [phase 7 / 8]
PASS  final zone is small (forced close quarters)   [r=7.1]
(ignored 4 environment-specific browser message(s))

--- console errors / warnings seen ---
  (clean)

--- informational logs ---
  [character] locomotion clips ready: walk 61 frames / 1.02 s, run 42 frames / 0.70 s, 14 hinges each (freddy_anims.js)
  [character] Freddy Fazbear ready in 305 ms from freddy_fazzbear.glb.js - 6 mesh(es), 3 texture(s), 1.74 m tall
  [character] rigged 394 rigid pieces onto 14 hinges -> 36 meshes, 18068 triangles
  [character] the rig is playing the baked walk/run cycles

--- summary ---
22/22 checks passed; 0 console problem(s)
