boot: {"state":"MENU","loaded":true,"error":false}
PASS  scenario setup ran   [ZeroTwo]
  through a house: {"losBlocked":true,"dist":20.1,"damageEvents":0,"ammoSpent":0,"tracers":0,"playerHp":1000000000,"hpLost":0}
PASS  the wall really does block the line of fire   [distance 20.1 m across the building]
PASS  a bot deals NO damage through a wall   [0 damage events, player lost 0 hp]
PASS  it does not even fire: no ammo burned   [0 rounds spent]
PASS  no tracer is drawn through the building   [0 tracers]
  in the open: {"los":true,"damageEvents":538,"hpLost":21743,"ammoSpent":1}
PASS  with a clear line the bot does shoot and damage   [538 hits, 21743 hp lost]
  tracer audit: {"tracers":3434,"checked":3434,"throughWalls":0,"matchTime":128,"alive":69}
PASS  the match produced tracers to audit   [3434 of 3434 checked over 128 s]
PASS  no tracer passes through a wall or the ground   [0 penetrating tracers]
  match invariant: {"bullets":354,"splash":14,"violations":0,"sample":[],"matchTime":208}
PASS  a real match produced bullet damage to audit   [354 bullet hits (14 splash ignored) at 208 s]
PASS  every bullet hit in a live match had a clear line of fire   [0 through-wall hits none]
(ignored 4 environment-specific browser message(s))

--- console errors / warnings seen ---
  (clean)

--- informational logs ---
  [character] locomotion clips ready: walk 61 frames / 1.02 s, run 42 frames / 0.70 s, 14 hinges each (freddy_anims.js)
  [character] Freddy Fazbear ready in 140 ms from freddy_fazzbear.glb.js - 6 mesh(es), 3 texture(s), 1.74 m tall
  [character] rigged 394 rigid pieces onto 14 hinges -> 36 meshes, 18068 triangles
  [character] the rig is playing the baked walk/run cycles

--- summary ---
10/10 checks passed; 0 console problem(s)
